ðŸ“‹ Evidence Collection Plan
                           

Framework: ISO27001
Section:   A.9.4.2
Status:    pending
Budget:    2 items approved, ~60 events total

Plan Items:

â†’ [âœ“] github: authentication (92% relevant)
  [ ] github: mfa (88% relevant)
  [âœ“] jira: INFOSEC-* (75% relevant)
  [ ] aws: iam (65% relevant)
  [âœ—] slack: security incident (45% relevant)

                                                       
â†‘/â†“ Navigate  SPACE Toggle  A Approve All  R Reject All
                           
ENTER/Y Confirm  N/Q Cancel