╔══════════════════════════════════════════════════════════════════════════════════════════════════╗
║                                        MCP Tools                                                 ║
╚══════════════════════════════════════════════════════════════════════════════════════════════════╝

┌──────────────────────────────────────────────────────────────────────────────────────────────────┐
│ NAME        STATUS    LATENCY   CAPABILITIES                              LAST CHECK             │
├──────────────────────────────────────────────────────────────────────────────────────────────────┤
│ aws-api     🟢 online  245ms     ec2.describe-instances, s3.list-buckets   2 minutes ago         │
│ github      🟢 online  156ms     commits.list, pulls.get, issues.search    5 minutes ago         │
│ slack       🟢 online  89ms      messages.send, channels.list, users.info  1 minute ago          │
│ jira        🟢 online  201ms     issues.get, projects.list, sprints.list   3 minutes ago         │
└──────────────────────────────────────────────────────────────────────────────────────────────────┘

Actions: t: Test selected tool | r: Refresh | esc: Back to home

╭─────────────────────────────────────────────────────────────────────────────────────────────────╮
│ Help: q: Quit | h: Home | 1-5: Navigate screens | ↑/↓: Select | Enter: Open details            │
╰─────────────────────────────────────────────────────────────────────────────────────────────────╯
