sdek - Compliance Evidence Mapping
                                  
Press 1-4 to navigate | ? for help | q to quit
                                              

â•­â”€â”€â”€â”€â”€â”€â”€â”€â”€â”€â”€â”€â”€â”€â”€â”€â”€â”€â•®  â•­â”€â”€â”€â”€â”€â”€â”€â”€â”€â”€â”€â”€â”€â”€â”€â”€â”€â”€â•®  â•­â”€â”€â”€â”€â”€â”€â”€â”€â”€â”€â”€â”€â”€â”€â”€â”€â”€â”€â•®  â•­â”€â”€â”€â”€â”€â”€â”€â”€â”€â”€â”€â”€â”€â”€â”€â”€â”€â”€â•®
â”‚                  â”‚  â”‚                  â”‚  â”‚                  â”‚  â”‚                  â”‚
â”‚ ðŸ“Š Sources       â”‚  â”‚ ðŸ“‹ Frameworks    â”‚  â”‚ ðŸŽ¯ Controls      â”‚  â”‚ ðŸ“„ Evidence      â”‚
â”‚                  â”‚  â”‚                  â”‚  â”‚                  â”‚  â”‚                  â”‚
â”‚  2               â”‚  â”‚  2               â”‚  â”‚  3               â”‚  â”‚  3               â”‚
â”‚                  â”‚  â”‚                  â”‚  â”‚                  â”‚  â”‚                  â”‚
â”‚ Press 1          â”‚  â”‚ Press 2          â”‚  â”‚ Press 3          â”‚  â”‚ Press 4          â”‚
â”‚                  â”‚  â”‚                  â”‚  â”‚                  â”‚  â”‚                  â”‚
â•°â”€â”€â”€â”€â”€â”€â”€â”€â”€â”€â”€â”€â”€â”€â”€â”€â”€â”€â•¯  â•°â”€â”€â”€â”€â”€â”€â”€â”€â”€â”€â”€â”€â”€â”€â”€â”€â”€â”€â•¯  â•°â”€â”€â”€â”€â”€â”€â”€â”€â”€â”€â”€â”€â”€â”€â”€â”€â”€â”€â•¯  â•°â”€â”€â”€â”€â”€â”€â”€â”€â”€â”€â”€â”€â”€â”€â”€â”€â”€â”€â•¯
                                                                                      

 Compliance Status 

SOC 2 Type II          33.3%  â–ˆâ–ˆâ–ˆâ–ˆâ–ˆâ–ˆâ–ˆâ–ˆâ–ˆâ–‘â–‘â–‘â–‘â–‘â–‘â–‘â–‘â–‘â–‘â–‘â–‘â–‘â–‘â–‘â–‘â–‘â–‘â–‘â–‘â–‘  âœ— Action Required
ISO 27001               0.0%  â–‘â–‘â–‘â–‘â–‘â–‘â–‘â–‘â–‘â–‘â–‘â–‘â–‘â–‘â–‘â–‘â–‘â–‘â–‘â–‘â–‘â–‘â–‘â–‘â–‘â–‘â–‘â–‘â–‘â–‘  âœ— Action Required


 Quick Actions 

  r             Refresh data
  e             Export report
  ?             Show help
  q             Quit

